Repository validation FAILED (22 of 5539 checks):
  - broken link in RQ_Specified\A21_fzd4_capillary_function\extensions\extension_v1\metadata\history\FIGURES.md: METHODS.md
  - broken link in RQ_Specified\A21_fzd4_capillary_function\extensions\extension_v1\metadata\history\FIGURES.md: figures/A21_F1_capillary_context.png
  - broken link in RQ_Specified\A21_fzd4_capillary_function\extensions\extension_v1\metadata\history\FIGURES.md: figures/A21_F1_capillary_context.pdf
  - broken link in RQ_Specified\A21_fzd4_capillary_function\extensions\extension_v1\metadata\history\FIGURES.md: figures/A21_F1_capillary_context.svg
  - broken link in RQ_Specified\A21_fzd4_capillary_function\extensions\extension_v1\metadata\history\FIGURES.md: figures/A21_F2_substate_and_cycling.png
  - broken link in RQ_Specified\A21_fzd4_capillary_function\extensions\extension_v1\metadata\history\FIGURES.md: figures/A21_F2_substate_and_cycling.pdf
  - broken link in RQ_Specified\A21_fzd4_capillary_function\extensions\extension_v1\metadata\history\FIGURES.md: figures/A21_F2_substate_and_cycling.svg
  - broken link in RQ_Specified\A21_fzd4_capillary_function\extensions\extension_v1\metadata\history\FIGURES.md: figures/A21_S1_prior_cohort.png
  - broken link in RQ_Specified\A21_fzd4_capillary_function\extensions\extension_v1\metadata\history\FIGURES.md: figures/A21_S1_prior_cohort.pdf
  - broken link in RQ_Specified\A21_fzd4_capillary_function\extensions\extension_v1\metadata\history\FIGURES.md: figures/A21_S1_prior_cohort.svg
  - broken link in RQ_Specified\A21_fzd4_capillary_function\extensions\extension_v1\metadata\history\FIGURES.md: reports/figure_manifest.json
  - broken link in RQ_Specified\A21_fzd4_capillary_function\extensions\extension_v1\metadata\history\README.md: METHODS.md
  - broken link in RQ_Specified\A21_fzd4_capillary_function\extensions\extension_v1\metadata\history\README.md: ../../RESEARCH_QUESTIONS.md#a21
  - broken link in RQ_Specified\A21_fzd4_capillary_function\extensions\extension_v1\metadata\history\README.md: metadata/history/document_snapshots.json
  - broken link in RQ_Specified\A21_fzd4_capillary_function\extensions\extension_v1\metadata\history\README.md: reports/verification.json
  - broken link in RQ_Specified\A21_fzd4_capillary_function\extensions\extension_v1\metadata\history\README.md: reports/repository_checks.json
  - broken link in RQ_Specified\A21_fzd4_capillary_function\extensions\extension_v1\metadata\history\RESULTS.md: METHODS.md
  - broken link in RQ_Specified\A21_fzd4_capillary_function\extensions\extension_v1\metadata\history\RESULTS.md: tables/prior_day42_cohort.tsv
  - broken link in RQ_Specified\A21_fzd4_capillary_function\extensions\extension_v1\metadata\history\SOURCES.md: metadata/source_eligibility.tsv
  - broken link in RQ_Specified\A21_fzd4_capillary_function\extensions\extension_v1\metadata\history\SOURCES.md: metadata/subtype_crosswalk.tsv
  - broken link in RQ_Specified\A21_fzd4_capillary_function\extensions\extension_v1\metadata\history\SOURCES.md: metadata/intake.json
  - broken link in RQ_Specified\A21_fzd4_capillary_function\extensions\extension_v1\metadata\history\SOURCES.md: ../../Research%20Article/gate2_N1_nabhan_2023/branch_analysis/candidate_questions/Nb2-N7.md
